// Vitest Snapshot v1, https://vitest.dev/guide/snapshot.html

exports[`nation gold per minute > world map, impossible nations, 20 minutes 1`] = `
{
  "aliveNations": 32,
  "perMinute": [
    {
      "cities": 0,
      "factories": 0,
      "minute": 1,
      "ports": 0,
      "shipsArrived": 0,
      "tradeGold": 0,
      "tradeShipsAtSea": 0,
      "trainGold": 0,
      "trainStops": 0,
      "trainsRunning": 0,
    },
    {
      "cities": 2,
      "factories": 0,
      "minute": 2,
      "ports": 0,
      "shipsArrived": 0,
      "tradeGold": 0,
      "tradeShipsAtSea": 0,
      "trainGold": 0,
      "trainStops": 0,
      "trainsRunning": 0,
    },
    {
      "cities": 60,
      "factories": 0,
      "minute": 3,
      "ports": 1,
      "shipsArrived": 0,
      "tradeGold": 0,
      "tradeShipsAtSea": 0,
      "trainGold": 0,
      "trainStops": 0,
      "trainsRunning": 0,
    },
    {
      "cities": 60,
      "factories": 0,
      "minute": 4,
      "ports": 6,
      "shipsArrived": 0,
      "tradeGold": 0,
      "tradeShipsAtSea": 7,
      "trainGold": 0,
      "trainStops": 0,
      "trainsRunning": 0,
    },
    {
      "cities": 64,
      "factories": 0,
      "minute": 5,
      "ports": 13,
      "shipsArrived": 1,
      "tradeGold": 208600,
      "tradeShipsAtSea": 63,
      "trainGold": 0,
      "trainStops": 0,
      "trainsRunning": 0,
    },
    {
      "cities": 71,
      "factories": 4,
      "minute": 6,
      "ports": 18,
      "shipsArrived": 29,
      "tradeGold": 5941000,
      "tradeShipsAtSea": 113,
      "trainGold": 240000,
      "trainStops": 8,
      "trainsRunning": 7,
    },
    {
      "cities": 80,
      "factories": 5,
      "minute": 7,
      "ports": 26,
      "shipsArrived": 56,
      "tradeGold": 12580000,
      "tradeShipsAtSea": 154,
      "trainGold": 700000,
      "trainStops": 20,
      "trainsRunning": 21,
    },
    {
      "cities": 77,
      "factories": 6,
      "minute": 8,
      "ports": 30,
      "shipsArrived": 81,
      "tradeGold": 19880000,
      "tradeShipsAtSea": 186,
      "trainGold": 1230000,
      "trainStops": 33,
      "trainsRunning": 21,
    },
    {
      "cities": 82,
      "factories": 9,
      "minute": 9,
      "ports": 33,
      "shipsArrived": 84,
      "tradeGold": 21950000,
      "tradeShipsAtSea": 219,
      "trainGold": 1290000,
      "trainStops": 45,
      "trainsRunning": 21,
    },
    {
      "cities": 85,
      "factories": 11,
      "minute": 10,
      "ports": 32,
      "shipsArrived": 102,
      "tradeGold": 27260000,
      "tradeShipsAtSea": 233,
      "trainGold": 2230000,
      "trainStops": 67,
      "trainsRunning": 42,
    },
    {
      "cities": 86,
      "factories": 13,
      "minute": 11,
      "ports": 35,
      "shipsArrived": 85,
      "tradeGold": 23000000,
      "tradeShipsAtSea": 275,
      "trainGold": 2270000,
      "trainStops": 77,
      "trainsRunning": 70,
    },
    {
      "cities": 84,
      "factories": 15,
      "minute": 12,
      "ports": 37,
      "shipsArrived": 106,
      "tradeGold": 31760000,
      "tradeShipsAtSea": 277,
      "trainGold": 2030000,
      "trainStops": 81,
      "trainsRunning": 35,
    },
    {
      "cities": 84,
      "factories": 14,
      "minute": 13,
      "ports": 35,
      "shipsArrived": 135,
      "tradeGold": 35440000,
      "tradeShipsAtSea": 232,
      "trainGold": 2050000,
      "trainStops": 85,
      "trainsRunning": 28,
    },
    {
      "cities": 81,
      "factories": 16,
      "minute": 14,
      "ports": 37,
      "shipsArrived": 112,
      "tradeGold": 29740000,
      "tradeShipsAtSea": 249,
      "trainGold": 1920000,
      "trainStops": 76,
      "trainsRunning": 70,
    },
    {
      "cities": 79,
      "factories": 14,
      "minute": 15,
      "ports": 39,
      "shipsArrived": 108,
      "tradeGold": 26120000,
      "tradeShipsAtSea": 275,
      "trainGold": 2910000,
      "trainStops": 93,
      "trainsRunning": 49,
    },
    {
      "cities": 83,
      "factories": 15,
      "minute": 16,
      "ports": 39,
      "shipsArrived": 149,
      "tradeGold": 36260000,
      "tradeShipsAtSea": 293,
      "trainGold": 3880000,
      "trainStops": 114,
      "trainsRunning": 84,
    },
    {
      "cities": 81,
      "factories": 13,
      "minute": 17,
      "ports": 40,
      "shipsArrived": 166,
      "tradeGold": 41920000,
      "tradeShipsAtSea": 289,
      "trainGold": 6860000,
      "trainStops": 178,
      "trainsRunning": 112,
    },
    {
      "cities": 84,
      "factories": 13,
      "minute": 18,
      "ports": 42,
      "shipsArrived": 149,
      "tradeGold": 35030000,
      "tradeShipsAtSea": 294,
      "trainGold": 6860000,
      "trainStops": 164,
      "trainsRunning": 84,
    },
    {
      "cities": 85,
      "factories": 15,
      "minute": 19,
      "ports": 46,
      "shipsArrived": 166,
      "tradeGold": 40010000,
      "tradeShipsAtSea": 316,
      "trainGold": 5410000,
      "trainStops": 139,
      "trainsRunning": 84,
    },
    {
      "cities": 84,
      "factories": 16,
      "minute": 20,
      "ports": 48,
      "shipsArrived": 184,
      "tradeGold": 43190000,
      "tradeShipsAtSea": 321,
      "trainGold": 5130000,
      "trainStops": 133,
      "trainsRunning": 70,
    },
  ],
  "totals": {
    "shipsArrived": 1713,
    "tradeGold": 430300000,
    "trainGold": 45010000,
    "trainStops": 1313,
  },
}
`;
